ok
ok
YYYY-MM-DDThh:mm:ss.ttt
@john sysprog #db #sqlite
sqlite is cool
