@zdu test #xx
This is a test message
@zdu test #xx
This is a test message
