@zdu test #xx #yy
This is a test message
@zdu test #xx #yy
This is a test message
@zdu test #xx #yy
This is a test message
@user test #zz
Yet another test message
@zdu test #xx #yy
This is a test message
@user test #zz
Yet another test message
