@zdu test #xx
This is test message 2
@zdu poems #lewis-carroll #jabberwocky #first-lines
’Twas brillig, and the slithy toves
@zdu poems #lewis-carroll #the-hunting-of-the-snark #first-lines
"Just the place for a Snark!" the Bellman cried,
@zdu poems #lewis-carroll #the-hunting-of-the-snark #first-lines
"Just the place for a Snark!" the Bellman cried,
@zdu poems #lewis-carroll #jabberwocky #first-lines
’Twas brillig, and the slithy toves
@zdu test #test1
This is test message 1
@zdu poems #lewis-carroll #jabberwocky #first-lines
’Twas brillig, and the slithy toves
@zdu poems #lewis-carroll #the-hunting-of-the-snark #first-lines
"Just the place for a Snark!" the Bellman cried,
