BAD_COMMAND
BAD_USER
BAD_USER
BAD_ROOM
BAD_ROOM
BAD_TOPIC
NO_MSG
BAD_ROOM
BAD_ROOM
BAD_ROOM
BAD_TOPIC
@zdu test #tag
Test message
