ok
ok
YYYY-MM-DDThh:mm:ss.ttt
@john room-01 #db #sqlite
sqlite is cool
