ok
YYYY-MM-DDThh:mm:ss.ttt
@john room-05 #db #sqlite
sqlite is cool
