ok
ok
ok
ok
YYYY-MM-DDThh:mm:ss.ttt
@zdu test-12 #xx
This is test message 2
ok
YYYY-MM-DDThh:mm:ss.ttt
@zdu poems-12 #first-lines #jabberwocky #lewis-carroll
’Twas brillig, and the slithy toves
ok
ok
ok
YYYY-MM-DDThh:mm:ss.ttt
@zdu poems-12 #first-lines #lewis-carroll #the-hunting-of-the-snark
"Just the place for a Snark!" the Bellman cried,
ok
YYYY-MM-DDThh:mm:ss.ttt
@zdu poems-12 #first-lines #lewis-carroll #the-hunting-of-the-snark
"Just the place for a Snark!" the Bellman cried,
YYYY-MM-DDThh:mm:ss.ttt
@zdu poems-12 #first-lines #jabberwocky #lewis-carroll
’Twas brillig, and the slithy toves
ok
YYYY-MM-DDThh:mm:ss.ttt
@zdu test-12 #test1
This is test message 1
ok
YYYY-MM-DDThh:mm:ss.ttt
@zdu poems-12 #first-lines #jabberwocky #lewis-carroll
’Twas brillig, and the slithy toves
ok
YYYY-MM-DDThh:mm:ss.ttt
@zdu poems-12 #first-lines #lewis-carroll #the-hunting-of-the-snark
"Just the place for a Snark!" the Bellman cried,
