ok
ok
YYYY-MM-DDThh:mm:ss.ttt
@john room-21 #db #sqlite
sqlite is cool
err BAD_TOPIC
err BAD_ROOM
